<html>
<body>
<pre>
<h1>µVision Build Log</h1>
<h2>Tool Versions:</h2>
IDE-Version: µVision V5.40.0.0
Copyright (C) 2024 ARM Ltd and ARM Germany GmbH. All rights reserved.
License Information: Mahmoud Ahmed, Upwork, LIC=----
 
Tool Versions:
Toolchain:       MDK-Lite  Version: 5.40.0.3
Toolchain Path:  C:\Users\ADMIN\AppData\Local\Keil_v5\ARM\ARMCLANG\Bin
C Compiler:      ArmClang.exe V6.22
Assembler:       Armasm.exe V6.22
Linker/Locator:  ArmLink.exe V6.22
Library Manager: ArmAr.exe V6.22
Hex Converter:   FromElf.exe V6.22
CPU DLL:         SARMCM3.DLL V5.40.0.3
Dialog DLL:      DARMCM1.DLL V1.19.6.0
Target DLL:      STLink\ST-LINKIII-KEIL_SWO.dll V3.3.0.0
Dialog DLL:      TARMCM1.DLL V1.14.6.0
 
<h2>Project:</h2>
D:\E\Courses\PUYA\HAL_Template\HAL_Template.uvprojx
Project File Date:  09/16/2024

<h2>Output:</h2>
*** Using Compiler 'V6.22', folder: 'C:\Users\ADMIN\AppData\Local\Keil_v5\ARM\ARMCLANG\Bin'
Build target 'Target 1'
compiling py32f0xx_hal_comp.c...
compiling py32f0xx_hal_exti.c...
compiling py32f0xx_hal_adc.c...
compiling py32f0xx_hal.c...
compiling py32f0xx_it.c...
compiling main.c...
compiling py32f0xx_hal_dma.c...
compiling py32f0xx_hal_adc_ex.c...
compiling py32f0xx_hal_msp.c...
Drivers/PY32F0xx_HAL_Driver/Src/py32f0xx_hal_cortex.c(135): warning: unused parameter 'SubPriority' [-Wunused-parameter]
  135 | void HAL_NVIC_SetPriority(IRQn_Type IRQn, uint32_t PreemptPriority, uint32_t SubPriority)
      |                                                                              ^
1 warning generated.
compiling py32f0xx_hal_cortex.c...
compiling py32f0xx_hal_crc.c...
Drivers/PY32F0xx_HAL_Driver/Src/py32f0xx_hal_flash.c(515): warning: unused parameter 'TypeProgram' [-Wunused-parameter]
  515 | HAL_StatusTypeDef HAL_FLASH_Program(uint32_t TypeProgram, uint32_t Address, uint32_t * DataAddr )
      |                                              ^
1 warning generated.
compiling py32f0xx_hal_flash.c...
compiling py32f0xx_hal_gpio.c...
compiling py32f0xx_hal_irda.c...
compiling py32f0xx_hal_iwdg.c...
compiling py32f0xx_hal_led.c...
compiling py32f0xx_hal_lptim.c...
compiling py32f0xx_hal_i2c.c...
compiling py32f0xx_hal_pwr.c...
compiling py32f0xx_hal_rcc.c...
compiling py32f0xx_hal_rtc_ex.c...
compiling py32f0xx_hal_rtc.c...
Drivers/PY32F0xx_HAL_Driver/Src/py32f0xx_hal_rcc_ex.c(503): warning: unused parameter 'LSCOSource' [-Wunused-parameter]
  503 | void HAL_RCCEx_EnableLSCO(uint32_t LSCOSource)
      |                                    ^
1 warning generated.
compiling py32f0xx_hal_rcc_ex.c...
compiling py32f0xx_ll_adc.c...
compiling py32f0xx_hal_tim.c...
compiling py32f0xx_hal_tim_ex.c...
compiling py32f0xx_hal_spi.c...
compiling py32f0xx_ll_comp.c...
compiling py32f0xx_ll_crc.c...
compiling py32f0xx_hal_wwdg.c...
compiling py32f0xx_hal_uart.c...
compiling py32f0xx_ll_dma.c...
compiling py32f0xx_ll_exti.c...
compiling py32f0xx_hal_usart.c...
compiling py32f0xx_ll_gpio.c...
compiling py32f0xx_ll_i2c.c...
compiling py32f0xx_ll_pwr.c...
compiling py32f0xx_ll_led.c...
compiling py32f0xx_ll_rcc.c...
compiling py32f0xx_ll_spi.c...
compiling py32f0xx_ll_rtc.c...
compiling py32f0xx_ll_lptim.c...
compiling py32f0xx_ll_usart.c...
compiling py32f0xx_ll_tim.c...
Drivers/PY32F0xx_HAL_Driver/Src/py32f0xx_ll_utils.c(24): warning: In file included from...
./Drivers/PY32F0xx_HAL_Driver/Inc\py32f0xx_ll_rcc.h(1178): warning: unused parameter 'MCOx' [-Wunused-parameter]
 1178 | __STATIC_INLINE uint32_t LL_RCC_GetMCODiv(uint32_t MCOx)
      |                                                    ^
Drivers/PY32F0xx_HAL_Driver/Src/py32f0xx_ll_utils.c(354): warning: variable 'latency' is used uninitialized whenever 'if' condition is true [-Wsometimes-uninitialized]
  354 |   if ((HCLKFrequency == 0U) || (HCLKFrequency > UTILS_SCALE1_LATENCY2_FREQ))
      |       ^~~~~~~~~~~~~~~~~~~~~~~~~~~~~~~~~~~~~~~~~~~~~~~~~~~~~~~~~~~~~~~~~~~~~
Drivers/PY32F0xx_HAL_Driver/Src/py32f0xx_ll_utils.c(372): note: uninitialized use occurs here
  372 |   LL_FLASH_SetLatency(latency);
      |                       ^~~~~~~
Drivers/PY32F0xx_HAL_Driver/Src/py32f0xx_ll_utils.c(354): note: remove the 'if' if its condition is always false
  354 |   if ((HCLKFrequency == 0U) || (HCLKFrequency > UTILS_SCALE1_LATENCY2_FREQ))
      |   ^~~~~~~~~~~~~~~~~~~~~~~~~~~~~~~~~~~~~~~~~~~~~~~~~~~~~~~~~~~~~~~~~~~~~~~~~~
  355 |   {
      |   ~
  356 |     status = ERROR;
      |     ~~~~~~~~~~~~~~~
  357 |   }
      |   ~
  358 |   else
      |   ~~~~
  359 |   {
Drivers/PY32F0xx_HAL_Driver/Src/py32f0xx_ll_utils.c(354): warning: variable 'latency' is used uninitialized whenever '||' condition is true [-Wsometimes-uninitialized]
  354 |   if ((HCLKFrequency == 0U) || (HCLKFrequency > UTILS_SCALE1_LATENCY2_FREQ))
      |       ^~~~~~~~~~~~~~~~~~~~~
Drivers/PY32F0xx_HAL_Driver/Src/py32f0xx_ll_utils.c(372): note: uninitialized use occurs here
  372 |   LL_FLASH_SetLatency(latency);
      |                       ^~~~~~~
Drivers/PY32F0xx_HAL_Driver/Src/py32f0xx_ll_utils.c(354): note: remove the '||' if its condition is always false
  354 |   if ((HCLKFrequency == 0U) || (HCLKFrequency > UTILS_SCALE1_LATENCY2_FREQ))
      |       ^~~~~~~~~~~~~~~~~~~~~~~~
Drivers/PY32F0xx_HAL_Driver/Src/py32f0xx_ll_utils.c(350): note: initialize the variable 'latency' to silence this warning
  350 |   uint32_t latency;
      |                   ^
      |                    = 0
3 warnings generated.
compiling py32f0xx_ll_utils.c...
compiling system_py32f0xx.c...
assembling startup_py32f002ax5.s...
linking...
Program Size: Code=2840 RO-data=256 RW-data=200 ZI-data=1128  
".\Objects\HAL_Template.axf" - 0 Error(s), 6 Warning(s).

<h2>Software Packages used:</h2>

Package Vendor: ARM
                https://www.keil.com/pack/ARM.CMSIS.6.1.0.pack
                ARM::CMSIS@6.1.0
                CMSIS (Common Microcontroller Software Interface Standard)
   * Component: CORE Version: 6.1.0

Package Vendor: Puya
                https://www.puyasemi.com/uploadfiles/Puya.PY32F0xx_DFP.1.2.1.pack
                Puya::PY32F0xx_DFP@1.2.1
                Puya PY32F0 Series Device Support
   * Component: Startup Version: 1.0.0

<h2>Collection of Component include folders:</h2>
  ./RTE/_Target_1
  C:/Users/ADMIN/AppData/Local/Arm/Packs/ARM/CMSIS/6.1.0/CMSIS/Core/Include
  C:/Users/ADMIN/AppData/Local/Arm/Packs/Puya/PY32F0xx_DFP/1.2.1/Drivers/CMSIS/Device/PY32F0xx/Include

<h2>Collection of Component Files used:</h2>

   * Component: ARM::CMSIS:CORE@6.1.0

   * Component: Puya::Device:Startup@1.0.0
      Source file:   Drivers/CMSIS/Device/PY32F0xx/Source/arm/startup_py32f002ax5.s
      Include file:  Drivers/CMSIS/Device/PY32F0xx/Include/py32f0xx.h
      Source file:   Drivers/CMSIS/Device/PY32F0xx/Source/system_py32f0xx.c
Build Time Elapsed:  00:00:01
</pre>
</body>
</html>
